Uptime:  13:12:01 up 6 min,  1 user,  load average: 3.12, 2.50, 1.24
Memory Usage:                total        used        free      shared  buff/cache   available
Mem:         4010564     1808840      320704       56876     1890020     2201724
Swap:        4009980         256     4009724
Disk Usage: Filesystem      Size  Used Avail Use% Mounted on
tmpfs           392M  1.5M  391M   1% /run
/dev/sda2        25G   11G   14G  44% /
tmpfs           2.0G     0  2.0G   0% /dev/shm
tmpfs           5.0M  8.0K  5.0M   1% /run/lock
tmpfs           392M  128K  392M   1% /run/user/1000
Uptime:  13:13:01 up 7 min,  1 user,  load average: 1.74, 2.22, 1.22
Memory Usage:                total        used        free      shared  buff/cache   available
Mem:         4010564     1780684      346524       56724     1893100     2229880
Swap:        4009980         256     4009724
Disk Usage: Filesystem      Size  Used Avail Use% Mounted on
tmpfs           392M  1.5M  391M   1% /run
/dev/sda2        25G   11G   14G  44% /
tmpfs           2.0G     0  2.0G   0% /dev/shm
tmpfs           5.0M  8.0K  5.0M   1% /run/lock
tmpfs           392M  128K  392M   1% /run/user/1000
